[jiomartshop.com/index.html]
[backblue.gif]
[fade.gif]
[index.html]
[jiomartshop.com/wp-content/cache/min/1/814943a4501373539c8869bac5155295.css]
[jiomartshop.com/wp-content/uploads/2020/01/jiomart.jpg]
[jiomartshop.com/wp-content/plugins/wp-rocket/assets/img/youtube.png]
[jiomartshop.com/wp-includes/js/jquery/jquery4a5f.js]
[jiomartshop.com/feed/index.html]
[jiomartshop.com/comments/feed/index.html]
[jiomartshop.com/wp-includes/wlwmanifest.xml]
[jiomartshop.com/wp-json/index.html]
[pagead2.googlesyndication.com/pagead/js/f.txt]
[jiomartshop.com/wp-content/uploads/2020/07/cropped-jiomartshop-icon-32x32.png]
[jiomartshop.com/wp-content/uploads/2020/07/cropped-jiomartshop-icon-192x192.png]
[jiomartshop.com/wp-content/uploads/2020/07/cropped-jiomartshop-icon-180x180.png]
[jiomartshop.com/wp-content/uploads/2020/07/cropped-JIOMART-shop-icon.png]
[jiomartshop.com/wp-content/cache/busting/1/gtm-2b379d87a47e3a829537f4c4f5d2f063.js]
[jiomartshop.com/jio-mart-offers/index.html]
[jiomartshop.com/jio-mart-customer-care-number/index.html]
[jiomartshop.com/jiomart-distributor-registration/index.html]
[jiomartshop.com/wp-content/plugins/wp-rocket/assets/js/lazyload/16.1/lazyload.min.js]
[jiomartshop.com/jio-fiber-set-top-box-registration-installation-plans/index.html]
[jiomartshop.com/jio-recharge-plans-offers/index.html]
[jiomartshop.com/jiomart-order-tracking/index.html]
[jiomartshop.com/index.html]
[jiomartshop.com/wp-content/cache/min/1/c64fc9680d90255d725b6894ce2c9166.js]
[jiomartshop.com/about-us/index.html]
[jiomartshop.com/wp-content/cache/min/1/814943a4501373539c8869bac5155295.css]
[jiomartshop.com/jio-phone-3-price-booking-specifications/index.html]
[jiomartshop.com/disclaimer/index.html]
[jiomartshop.com/jiomart-customer-care/index.html]
[jiomartshop.com/wp-content/uploads/2020/01/Jio-Mart-Offers.jpg]
[jiomartshop.com/privacy-policy/index.html]
[jiomartshop.com/jio-mart-offers/index.html]
[jiomartshop.com/wp-content/cache/min/1/c69bef2e2d72cb33c2ee28161edf6f51.js]
[jiomartshop.com/jio-mart-offers/feed/index.html]
[jiomartshop.com/author/jiomartshop/index.html]
[jiomartshop.com/category/jio-mart-coupons/index.html]
[jiomartshop.com/wp-content/uploads/2020/01/Jio-Mart-Customer-Care-Number.jpg]
[jiomartshop.com/jiomart-whatsapp-how-to-place-an-order/index.html]
[jiomartshop.com/cdn-cgi/l/email-protection.html]
[jiomartshop.com/jio-mart-customer-care-number/index.html]
[jiomartshop.com/cdn-cgi/scripts/5c5dd728/cloudflare-static/email-decode.min.js]
[jiomartshop.com/jio-mart-customer-care-number/feed/index.html]
[jiomartshop.com/jiomart-franchise-registration/index.html]
[jiomartshop.com/jiomart-jobs-vacancy/index.html]
[jiomartshop.com/wp-content/uploads/2020/01/JioMart-Distributor-Register.jpg]
[jiomartshop.com/jiomart-distributor-registration/index.html]
[jiomartshop.com/wp-content/uploads/2020/06/JioMart-Order-Tracking.jpg]
[jiomartshop.com/jiomart-order-tracking/index.html]
[jiomartshop.com/jiomart-distributor-registration/feed/index.html]
[jiomartshop.com/jiomart-order-tracking/feed/index.html]
[jiomartshop.com/category/news/index.html]
[jiomartshop.com/wp-content/uploads/2020/07/Jio-Fiber-Set-Top-Box-Registration.png]
[jiomartshop.com/jio-fiber-set-top-box-registration-installation-plans/index.html]
[jiomartshop.com/jiomart-app-download-android-ios/index.html]
[jiomartshop.com/wp-content/uploads/2020/07/Jio-Recharge-Plans.jpg]
[jiomartshop.com/jio-recharge-plans-offers/index.html]
[jiomartshop.com/jio-fiber-set-top-box-registration-installation-plans/feed/index.html]
[jiomartshop.com/jio-recharge-plans-offers/feed/index.html]
[jiomartshop.com/category/uncategorized/index.html]
[jiomartshop.com/wp-content/uploads/2020/07/Jio-Phone-3-price.jpg]
[jiomartshop.com/jio-phone-3-price-booking-specifications/index.html]
[jiomartshop.com/tag/jio-prepaid-recharge-plans/index.html]
[jiomartshop.com/tag/jio-recharge-offers/index.html]
[jiomartshop.com/tag/jio-recharge-packs/index.html]
[jiomartshop.com/wp-content/uploads/2020/06/JioMart-Customer-Care.jpg]
[jiomartshop.com/jiomart-customer-care/index.html]
[jiomartshop.com/about-us/index.html]
[jiomartshop.com/jio-phone-3-price-booking-specifications/feed/index.html]
[jiomartshop.com/jiomart-customer-care/feed/index.html]
[jiomartshop.com/disclaimer/index.html]
[jiomartshop.com/privacy-policy/index.html]
[jiomartshop.com/indexba52.html]
[jiomartshop.com/wp-content/uploads/2020/06/JioMart-Jobs.jpg]
[jiomartshop.com/wp-content/uploads/2020/06/JioMart-App-Download.jpg]
[jiomartshop.com/wp-content/uploads/2020/05/JioMart-Franchise.jpg]
[jiomartshop.com/author/jiomartshop/index.html]
[jiomartshop.com/category/jio-mart-coupons/index.html]
[jiomartshop.com/author/jiomartshop/feed/index.html]
[jiomartshop.com/category/jio-mart-coupons/feed/index.html]
[jiomartshop.com/author/jiomartshop/page/2/index.html]
[jiomartshop.com/wp-content/uploads/2020/04/JioMart-WhatsApp.jpg]
[jiomartshop.com/jiomart-whatsapp-how-to-place-an-order/index.html]
[jiomartshop.com/jiomart-whatsapp-how-to-place-an-order/feed/index.html]
[jiomartshop.com/facebook-reliance-deal-to-push-jiomart/index.html]
[jiomartshop.com/jiomart-franchise-registration/index.html]
[jiomartshop.com/index5c90.html]
[jiomartshop.com/cdn-cgi/l/email-protection.html]
[jiomartshop.com/jiomart-jobs-vacancy/index.html]
[jiomartshop.com/jiomart-franchise-registration/feed/index.html]
[jiomartshop.com/jiomart-jobs-vacancy/feed/index.html]
[jiomartshop.com/index6aed.html]
[jiomartshop.com/wp-content/uploads/2020/04/Facebook-and-Reliance-1.jpg]
[jiomartshop.com/category/news/index.html]
[jiomartshop.com/index1c00.html]
[jiomartshop.com/jiomart-app-download-android-ios/index.html]
[jiomartshop.com/category/news/feed/index.html]
[jiomartshop.com/jiomart-app-download-android-ios/feed/index.html]
[jiomartshop.com/indexff23.html]
[jiomartshop.com/category/uncategorized/index.html]
[jiomartshop.com/index3350.html]
[jiomartshop.com/tag/jio-prepaid-recharge-plans/index.html]
[jiomartshop.com/tag/jio-prepaid-recharge-plans/feed/index.html]
[jiomartshop.com/tag/jio-recharge-offers/index.html]
[jiomartshop.com/category/uncategorized/feed/index.html]
[jiomartshop.com/tag/jio-recharge-packs/index.html]
[jiomartshop.com/tag/jio-recharge-offers/feed/index.html]
[jiomartshop.com/index17d5.html]
[jiomartshop.com/index8af0.html]
[jiomartshop.com/index2dc4.html]
[jiomartshop.com/index3965.html]
[jiomartshop.com/index40a0.html]
[jiomartshop.com/xmlrpc0db0.html]
[jiomartshop.com/tag/jio-recharge-packs/feed/index.html]
[jiomartshop.com/author/jiomartshop/page/2/index.html]
[jiomartshop.com/index6cf3.html]
[jiomartshop.com/facebook-reliance-deal-to-push-jiomart/index.html]
[jiomartshop.com/indexb8c4.html]
[jiomartshop.com/index421d.html]
[jiomartshop.com/facebook-reliance-deal-to-push-jiomart/feed/index.html]
[jiomartshop.com/index60d6.html]
[jiomartshop.com/contact-us/index.html]
[jiomartshop.com/xmlrpc.html]
[jiomartshop.com/index094d.html]
